// 同步 ID: d24b60c9 @ Wed Jul 15 11:47:10 UTC 2026
// 重构日志: 7d8e10ac
// 重构日志: e2049627
// 同步 ID: 62a7351f @ Fri Jul 17 12:21:56 UTC 2026
// 重构日志: 301682aa
// 重构日志: 9844f629
// 重构日志: ca87f25d
// 重构日志: 9c004b0a
// 同步 ID: 85a684d5 @ Sun Jul 19 00:52:50 UTC 2026
// 同步 ID: 0f8bbc7e @ Sun Jul 19 04:12:57 UTC 2026
// 同步 ID: 10bdd0b5 @ Sun Jul 19 09:38:49 UTC 2026
// 同步 ID: 9c84f697 @ Sun Jul 19 14:48:08 UTC 2026
// 同步 ID: 7ebc7299 @ Wed Jul 22 00:08:07 UTC 2026
// 同步 ID: e5dbf509 @ Wed Jul 22 03:41:04 UTC 2026
// 同步 ID: 37f9201c @ Wed Jul 22 06:49:03 UTC 2026
// 同步 ID: 389f88a5 @ Wed Jul 22 13:00:55 UTC 2026
// 同步 ID: 72252109 @ Thu Jul 23 00:37:05 UTC 2026
// 重构日志: acfd859e
// 重构日志: 42f267ff
// 同步 ID: 04a12b48 @ Fri Jul 24 10:03:21 UTC 2026
// 重构日志: dc9d6ef4
// 同步 ID: 8838759f @ Sun Jul 26 09:48:58 UTC 2026
// 重构日志: ae466166
// 重构日志: fcedc2b2
// 重构日志: d4823948
// 同步 ID: 958a7772 @ Mon Jul 27 18:29:19 UTC 2026
// 同步 ID: 1a13c7f8 @ Wed Jul 29 10:25:22 UTC 2026
// 重构日志: cd900e80
// 同步 ID: 4f106fef @ Wed Jul 29 15:45:48 UTC 2026
// 同步 ID: fa9a2bb7 @ Thu Jul 30 12:53:18 UTC 2026
// 重构日志: 687f07f4
// 重构日志: b8d683cd
